<?xml version="1.0" encoding="UTF-8"?>
<TestRun id="4cf64b10-29c6-4442-af66-e6c8ac4db30f" name="benjamin.bowes@TRNLON11661 2017-01-13 10:53:11" runUser="FDMGROUP\benjamin.bowes" xmlns="http://microsoft.com/schemas/VisualStudio/TeamTest/2010">
  <TestSettings name="Default Test Settings" id="dd0d3034-62bc-47f7-87a0-d94b0dc080a7">
    <Execution>
      <TestTypeSpecific />
      <AgentRule name="Execution Agents">
      </AgentRule>
    </Execution>
    <Deployment runDeploymentRoot="benjamin.bowes_TRNLON11661 2017-01-13 10_53_11" />
    <Properties />
  </TestSettings>
  <Times creation="2017-01-13T10:53:11.9939458+00:00" queuing="2017-01-13T10:53:18.2325696+00:00" start="2017-01-13T10:53:18.5085972+00:00" finish="2017-01-13T10:53:20.6418105+00:00" />
  <ResultSummary outcome="Completed">
    <Counters total="1" executed="1" passed="1" error="0" failed="0" timeout="0" aborted="0" inconclusive="0" passedButRunAborted="0" notRunnable="0" notExecuted="0" disconnected="0" warning="0" completed="0" inProgress="0" pending="0" />
  </ResultSummary>
  <TestDefinitions>
    <UnitTest name="Test_GetAllBrokers_ReturnsAllBrokers" storage="budgieusersrepositorytests\bin\debug\budgieusersrepositorytests.dll" id="00fae202-86bd-486f-cb8e-e1f325a24795">
      <Execution id="72cb16f5-7242-4c04-bc11-60510e744d24" />
      <TestMethod codeBase="C:/Users/benjamin.bowes/Desktop/SoloProject/Budgie/BudgieUsersRepositoryTests/bin/debug/BudgieUsersRepositoryTests.DLL" adapterTypeName="Microsoft.VisualStudio.TestTools.TestTypes.Unit.UnitTestAdapter, Microsoft.VisualStudio.QualityTools.Tips.UnitTest.Adapter, Version=12.0.0.0, Culture=neutral, PublicKeyToken=b03f5f7f11d50a3a" className="BudgieEntityFramework.Tests.BURTests, BudgieUsersRepositoryTests, Version=1.0.0.0, Culture=neutral, PublicKeyToken=null" name="Test_GetAllBrokers_ReturnsAllBrokers" />
    </UnitTest>
  </TestDefinitions>
  <TestLists>
    <TestList name="Results Not in a List" id="8c84fa94-04c1-424b-9868-57a2d4851a1d" />
    <TestList name="All Loaded Results" id="19431567-8539-422a-85d7-44ee4e166bda" />
  </TestLists>
  <TestEntries>
    <TestEntry testId="00fae202-86bd-486f-cb8e-e1f325a24795" executionId="72cb16f5-7242-4c04-bc11-60510e744d24" testListId="8c84fa94-04c1-424b-9868-57a2d4851a1d" />
  </TestEntries>
  <Results>
    <UnitTestResult executionId="72cb16f5-7242-4c04-bc11-60510e744d24" testId="00fae202-86bd-486f-cb8e-e1f325a24795" testName="Test_GetAllBrokers_ReturnsAllBrokers" computerName="TRNLON11661" duration="00:00:01.3207074" startTime="2017-01-13T10:53:18.6146078+00:00" endTime="2017-01-13T10:53:20.4867950+00:00" testType="13cdc9d9-ddb5-4fa4-a97d-d965ccfc6d4b" outcome="Passed" testListId="8c84fa94-04c1-424b-9868-57a2d4851a1d" relativeResultsDirectory="72cb16f5-7242-4c04-bc11-60510e744d24">
    </UnitTestResult>
  </Results>
</TestRun>