<?xml version="1.0" encoding="UTF-8"?>
<TestRun id="28f9bc40-fe61-4bcf-9e10-0cff250855a1" name="benjamin.bowes@TRNLON11661 2017-01-16 14:58:53" runUser="FDMGROUP\benjamin.bowes" xmlns="http://microsoft.com/schemas/VisualStudio/TeamTest/2010">
  <TestSettings name="Default Test Settings" id="6cdfd432-a64d-4c5c-8a24-2afa1d2822e5">
    <Execution>
      <TestTypeSpecific />
      <AgentRule name="Execution Agents">
      </AgentRule>
    </Execution>
    <Deployment runDeploymentRoot="benjamin.bowes_TRNLON11661 2017-01-16 14_58_53" />
    <Properties />
  </TestSettings>
  <Times creation="2017-01-16T14:58:53.1474074+00:00" queuing="2017-01-16T14:58:56.1390074+00:00" start="2017-01-16T14:58:56.4134074+00:00" finish="2017-01-16T14:58:58.3544074+00:00" />
  <ResultSummary outcome="Completed">
    <Counters total="16" executed="16" passed="16" error="0" failed="0" timeout="0" aborted="0" inconclusive="0" passedButRunAborted="0" notRunnable="0" notExecuted="0" disconnected="0" warning="0" completed="0" inProgress="0" pending="0" />
  </ResultSummary>
  <TestDefinitions>
    <UnitTest name="Test_WithdrawMoney_CallsWithdrawMoneyToDatabase_ReturnsFalseIfCannotWithdraw" storage="budgieusersrepositorytests\bin\debug\budgieusersrepositorytests.dll" id="3f03bcd5-797b-3adb-a0dc-3b58b3e253ba">
      <Execution id="b74c52f4-640f-4ae9-be4e-a12b722f321e" />
      <TestMethod codeBase="C:/Users/benjamin.bowes/Desktop/SoloProject/Budgie/BudgieUsersRepositoryTests/bin/debug/BudgieUsersRepositoryTests.DLL" adapterTypeName="Microsoft.VisualStudio.TestTools.TestTypes.Unit.UnitTestAdapter, Microsoft.VisualStudio.QualityTools.Tips.UnitTest.Adapter, Version=12.0.0.0, Culture=neutral, PublicKeyToken=b03f5f7f11d50a3a" className="BudgieUsersRepositoryTests.ARTests, BudgieUsersRepositoryTests, Version=1.0.0.0, Culture=neutral, PublicKeyToken=null" name="Test_WithdrawMoney_CallsWithdrawMoneyToDatabase_ReturnsFalseIfCannotWithdraw" />
    </UnitTest>
    <UnitTest name="Test_GetAllBrokers_ReturnsAllBrokers" storage="budgieusersrepositorytests\bin\debug\budgieusersrepositorytests.dll" id="00fae202-86bd-486f-cb8e-e1f325a24795">
      <Execution id="54fce53d-158f-4296-a077-6acf39bc803d" />
      <TestMethod codeBase="C:/Users/benjamin.bowes/Desktop/SoloProject/Budgie/BudgieUsersRepositoryTests/bin/debug/BudgieUsersRepositoryTests.DLL" adapterTypeName="Microsoft.VisualStudio.TestTools.TestTypes.Unit.UnitTestAdapter, Microsoft.VisualStudio.QualityTools.Tips.UnitTest.Adapter, Version=12.0.0.0, Culture=neutral, PublicKeyToken=b03f5f7f11d50a3a" className="BudgieEntityFramework.Tests.BURTests, BudgieUsersRepositoryTests, Version=1.0.0.0, Culture=neutral, PublicKeyToken=null" name="Test_GetAllBrokers_ReturnsAllBrokers" />
    </UnitTest>
    <UnitTest name="Test_RemoveAccount_CallsRemoveAnAccountToDatabase_AndSaveChangesOnContext" storage="budgieusersrepositorytests\bin\debug\budgieusersrepositorytests.dll" id="3a94d78e-3a85-164c-0c08-8408058c6694">
      <Execution id="7c3ca84c-1287-4609-b28a-090670f17957" />
      <TestMethod codeBase="C:/Users/benjamin.bowes/Desktop/SoloProject/Budgie/BudgieUsersRepositoryTests/bin/debug/BudgieUsersRepositoryTests.DLL" adapterTypeName="Microsoft.VisualStudio.TestTools.TestTypes.Unit.UnitTestAdapter, Microsoft.VisualStudio.QualityTools.Tips.UnitTest.Adapter, Version=12.0.0.0, Culture=neutral, PublicKeyToken=b03f5f7f11d50a3a" className="BudgieUsersRepositoryTests.ARTests, BudgieUsersRepositoryTests, Version=1.0.0.0, Culture=neutral, PublicKeyToken=null" name="Test_RemoveAccount_CallsRemoveAnAccountToDatabase_AndSaveChangesOnContext" />
    </UnitTest>
    <UnitTest name="Test_DepositMoney_CallsDepositMoneyToDatabase_AndSaveChangesOnContext" storage="budgieusersrepositorytests\bin\debug\budgieusersrepositorytests.dll" id="c513a0fe-a3b6-fb40-0bf6-41209f4bba4e">
      <Execution id="0e935fbb-819e-4ec9-b603-ed44265e5179" />
      <TestMethod codeBase="C:/Users/benjamin.bowes/Desktop/SoloProject/Budgie/BudgieUsersRepositoryTests/bin/debug/BudgieUsersRepositoryTests.DLL" adapterTypeName="Microsoft.VisualStudio.TestTools.TestTypes.Unit.UnitTestAdapter, Microsoft.VisualStudio.QualityTools.Tips.UnitTest.Adapter, Version=12.0.0.0, Culture=neutral, PublicKeyToken=b03f5f7f11d50a3a" className="BudgieUsersRepositoryTests.ARTests, BudgieUsersRepositoryTests, Version=1.0.0.0, Culture=neutral, PublicKeyToken=null" name="Test_DepositMoney_CallsDepositMoneyToDatabase_AndSaveChangesOnContext" />
    </UnitTest>
    <UnitTest name="Test_TransferMoney_CallsTransferMoneyToDatabase_ReturnsTrueIfHasEnoughFundsToTransfer_AndSaveChangesOnContext" storage="budgieusersrepositorytests\bin\debug\budgieusersrepositorytests.dll" id="269634e3-88ca-8b34-2b48-7e16bb9156af">
      <Execution id="bd8a7320-7ee6-4736-8c02-ec6285acc548" />
      <TestMethod codeBase="C:/Users/benjamin.bowes/Desktop/SoloProject/Budgie/BudgieUsersRepositoryTests/bin/debug/BudgieUsersRepositoryTests.DLL" adapterTypeName="Microsoft.VisualStudio.TestTools.TestTypes.Unit.UnitTestAdapter, Microsoft.VisualStudio.QualityTools.Tips.UnitTest.Adapter, Version=12.0.0.0, Culture=neutral, PublicKeyToken=b03f5f7f11d50a3a" className="BudgieUsersRepositoryTests.ARTests, BudgieUsersRepositoryTests, Version=1.0.0.0, Culture=neutral, PublicKeyToken=null" name="Test_TransferMoney_CallsTransferMoneyToDatabase_ReturnsTrueIfHasEnoughFundsToTransfer_AndSaveChangesOnContext" />
    </UnitTest>
    <UnitTest name="Test_PrintBalance_CallsDatabaseToPrintBalance_AndDisplaysCurrentBalance" storage="budgieusersrepositorytests\bin\debug\budgieusersrepositorytests.dll" id="5889c23d-a4e0-7429-e9b4-1e35547e98fb">
      <Execution id="d39a0ea9-41f2-43d3-b440-373f18886650" />
      <TestMethod codeBase="C:/Users/benjamin.bowes/Desktop/SoloProject/Budgie/BudgieUsersRepositoryTests/bin/debug/BudgieUsersRepositoryTests.DLL" adapterTypeName="Microsoft.VisualStudio.TestTools.TestTypes.Unit.UnitTestAdapter, Microsoft.VisualStudio.QualityTools.Tips.UnitTest.Adapter, Version=12.0.0.0, Culture=neutral, PublicKeyToken=b03f5f7f11d50a3a" className="BudgieUsersRepositoryTests.ARTests, BudgieUsersRepositoryTests, Version=1.0.0.0, Culture=neutral, PublicKeyToken=null" name="Test_PrintBalance_CallsDatabaseToPrintBalance_AndDisplaysCurrentBalance" />
    </UnitTest>
    <UnitTest name="Test_GetAllAccounts_ReturnsAllAccounts" storage="budgieusersrepositorytests\bin\debug\budgieusersrepositorytests.dll" id="33b959be-b635-974d-2284-c967c5873bb0">
      <Execution id="304f53e0-198d-4ccf-8ff3-b4e185604b42" />
      <TestMethod codeBase="C:/Users/benjamin.bowes/Desktop/SoloProject/Budgie/BudgieUsersRepositoryTests/bin/debug/BudgieUsersRepositoryTests.DLL" adapterTypeName="Microsoft.VisualStudio.TestTools.TestTypes.Unit.UnitTestAdapter, Microsoft.VisualStudio.QualityTools.Tips.UnitTest.Adapter, Version=12.0.0.0, Culture=neutral, PublicKeyToken=b03f5f7f11d50a3a" className="BudgieUsersRepositoryTests.ARTests, BudgieUsersRepositoryTests, Version=1.0.0.0, Culture=neutral, PublicKeyToken=null" name="Test_GetAllAccounts_ReturnsAllAccounts" />
    </UnitTest>
    <UnitTest name="Test_UpdateAccount_RunsUpdateAccountToDatabase_AndSaveChangesOnContext" storage="budgieusersrepositorytests\bin\debug\budgieusersrepositorytests.dll" id="b0181d74-d937-b6ed-0b07-bcf58575bfb0">
      <Execution id="5f985857-f032-48e7-8d5d-d4492d09cd80" />
      <TestMethod codeBase="C:/Users/benjamin.bowes/Desktop/SoloProject/Budgie/BudgieUsersRepositoryTests/bin/debug/BudgieUsersRepositoryTests.DLL" adapterTypeName="Microsoft.VisualStudio.TestTools.TestTypes.Unit.UnitTestAdapter, Microsoft.VisualStudio.QualityTools.Tips.UnitTest.Adapter, Version=12.0.0.0, Culture=neutral, PublicKeyToken=b03f5f7f11d50a3a" className="BudgieUsersRepositoryTests.ARTests, BudgieUsersRepositoryTests, Version=1.0.0.0, Culture=neutral, PublicKeyToken=null" name="Test_UpdateAccount_RunsUpdateAccountToDatabase_AndSaveChangesOnContext" />
    </UnitTest>
    <UnitTest name="Test_PrintBudget_CallsDatabaseToPrintBudget_AndDisplaysCurrentBudget" storage="budgieusersrepositorytests\bin\debug\budgieusersrepositorytests.dll" id="e11abd51-aabd-3c07-dcff-b99402dcce0a">
      <Execution id="64fea726-6073-42d6-b3d3-f76845466a50" />
      <TestMethod codeBase="C:/Users/benjamin.bowes/Desktop/SoloProject/Budgie/BudgieUsersRepositoryTests/bin/debug/BudgieUsersRepositoryTests.DLL" adapterTypeName="Microsoft.VisualStudio.TestTools.TestTypes.Unit.UnitTestAdapter, Microsoft.VisualStudio.QualityTools.Tips.UnitTest.Adapter, Version=12.0.0.0, Culture=neutral, PublicKeyToken=b03f5f7f11d50a3a" className="BudgieUsersRepositoryTests.ARTests, BudgieUsersRepositoryTests, Version=1.0.0.0, Culture=neutral, PublicKeyToken=null" name="Test_PrintBudget_CallsDatabaseToPrintBudget_AndDisplaysCurrentBudget" />
    </UnitTest>
    <UnitTest name="Test_AddNewAccount_RunsAddAnAccountToDatabase_WhenCalledWithAnAccount" storage="budgieusersrepositorytests\bin\debug\budgieusersrepositorytests.dll" id="d07b7bc2-c7b8-3ea0-1754-4d7d8b87e6a7">
      <Execution id="81913571-e4c0-48d1-a398-b95948785716" />
      <TestMethod codeBase="C:/Users/benjamin.bowes/Desktop/SoloProject/Budgie/BudgieUsersRepositoryTests/bin/debug/BudgieUsersRepositoryTests.DLL" adapterTypeName="Microsoft.VisualStudio.TestTools.TestTypes.Unit.UnitTestAdapter, Microsoft.VisualStudio.QualityTools.Tips.UnitTest.Adapter, Version=12.0.0.0, Culture=neutral, PublicKeyToken=b03f5f7f11d50a3a" className="BudgieUsersRepositoryTests.ARTests, BudgieUsersRepositoryTests, Version=1.0.0.0, Culture=neutral, PublicKeyToken=null" name="Test_AddNewAccount_RunsAddAnAccountToDatabase_WhenCalledWithAnAccount" />
    </UnitTest>
    <UnitTest name="Test_RemoveBudgieUser_CallsRemoveABudgieUserToDatabase_AndSaveChangesOnContext" storage="budgieusersrepositorytests\bin\debug\budgieusersrepositorytests.dll" id="408da696-16df-076f-276d-f98589c90a07">
      <Execution id="100149d8-e406-4984-a416-c0052f286b7a" />
      <TestMethod codeBase="C:/Users/benjamin.bowes/Desktop/SoloProject/Budgie/BudgieUsersRepositoryTests/bin/debug/BudgieUsersRepositoryTests.DLL" adapterTypeName="Microsoft.VisualStudio.TestTools.TestTypes.Unit.UnitTestAdapter, Microsoft.VisualStudio.QualityTools.Tips.UnitTest.Adapter, Version=12.0.0.0, Culture=neutral, PublicKeyToken=b03f5f7f11d50a3a" className="BudgieEntityFramework.Tests.BURTests, BudgieUsersRepositoryTests, Version=1.0.0.0, Culture=neutral, PublicKeyToken=null" name="Test_RemoveBudgieUser_CallsRemoveABudgieUserToDatabase_AndSaveChangesOnContext" />
    </UnitTest>
    <UnitTest name="Test_TransferMoney_CallsTransferMoneyToDatabase_ReturnsFalseIfAccountHasInsufficentFunds" storage="budgieusersrepositorytests\bin\debug\budgieusersrepositorytests.dll" id="cc351246-a2fa-24d4-d3ab-3db9f2cbe801">
      <Execution id="730fd73d-632f-4acc-ad60-9164307b507c" />
      <TestMethod codeBase="C:/Users/benjamin.bowes/Desktop/SoloProject/Budgie/BudgieUsersRepositoryTests/bin/debug/BudgieUsersRepositoryTests.DLL" adapterTypeName="Microsoft.VisualStudio.TestTools.TestTypes.Unit.UnitTestAdapter, Microsoft.VisualStudio.QualityTools.Tips.UnitTest.Adapter, Version=12.0.0.0, Culture=neutral, PublicKeyToken=b03f5f7f11d50a3a" className="BudgieUsersRepositoryTests.ARTests, BudgieUsersRepositoryTests, Version=1.0.0.0, Culture=neutral, PublicKeyToken=null" name="Test_TransferMoney_CallsTransferMoneyToDatabase_ReturnsFalseIfAccountHasInsufficentFunds" />
    </UnitTest>
    <UnitTest name="Test_UpdateBudgieUser_RunsUpdateBudgieUserToDatabase_AndSaveChangesOnContext" storage="budgieusersrepositorytests\bin\debug\budgieusersrepositorytests.dll" id="20476bf6-db95-395d-bf04-475563baa4d3">
      <Execution id="a1b5d941-c8c6-4849-8dab-32847508f66a" />
      <TestMethod codeBase="C:/Users/benjamin.bowes/Desktop/SoloProject/Budgie/BudgieUsersRepositoryTests/bin/debug/BudgieUsersRepositoryTests.DLL" adapterTypeName="Microsoft.VisualStudio.TestTools.TestTypes.Unit.UnitTestAdapter, Microsoft.VisualStudio.QualityTools.Tips.UnitTest.Adapter, Version=12.0.0.0, Culture=neutral, PublicKeyToken=b03f5f7f11d50a3a" className="BudgieEntityFramework.Tests.BURTests, BudgieUsersRepositoryTests, Version=1.0.0.0, Culture=neutral, PublicKeyToken=null" name="Test_UpdateBudgieUser_RunsUpdateBudgieUserToDatabase_AndSaveChangesOnContext" />
    </UnitTest>
    <UnitTest name="Test_SetBudget_CallsDatabaseToSetBudget_AndDIsplaysNewBudget" storage="budgieusersrepositorytests\bin\debug\budgieusersrepositorytests.dll" id="da490406-4fa7-b2ab-fc03-5dd0c4bb02cd">
      <Execution id="ab2cd27d-448c-4992-aae7-1ca6090a0b0e" />
      <TestMethod codeBase="C:/Users/benjamin.bowes/Desktop/SoloProject/Budgie/BudgieUsersRepositoryTests/bin/debug/BudgieUsersRepositoryTests.DLL" adapterTypeName="Microsoft.VisualStudio.TestTools.TestTypes.Unit.UnitTestAdapter, Microsoft.VisualStudio.QualityTools.Tips.UnitTest.Adapter, Version=12.0.0.0, Culture=neutral, PublicKeyToken=b03f5f7f11d50a3a" className="BudgieUsersRepositoryTests.ARTests, BudgieUsersRepositoryTests, Version=1.0.0.0, Culture=neutral, PublicKeyToken=null" name="Test_SetBudget_CallsDatabaseToSetBudget_AndDIsplaysNewBudget" />
    </UnitTest>
    <UnitTest name="Test_WithdrawMoney_CallsWithdrawMoneyToDatabase_ReturnsTrueIfCanWithdraw_AndSaveChangesOnContext" storage="budgieusersrepositorytests\bin\debug\budgieusersrepositorytests.dll" id="80ac7f26-8eeb-ec19-7ddc-15f4e9475140">
      <Execution id="d989e244-fc38-44c7-9bd1-ba16b2bef369" />
      <TestMethod codeBase="C:/Users/benjamin.bowes/Desktop/SoloProject/Budgie/BudgieUsersRepositoryTests/bin/debug/BudgieUsersRepositoryTests.DLL" adapterTypeName="Microsoft.VisualStudio.TestTools.TestTypes.Unit.UnitTestAdapter, Microsoft.VisualStudio.QualityTools.Tips.UnitTest.Adapter, Version=12.0.0.0, Culture=neutral, PublicKeyToken=b03f5f7f11d50a3a" className="BudgieUsersRepositoryTests.ARTests, BudgieUsersRepositoryTests, Version=1.0.0.0, Culture=neutral, PublicKeyToken=null" name="Test_WithdrawMoney_CallsWithdrawMoneyToDatabase_ReturnsTrueIfCanWithdraw_AndSaveChangesOnContext" />
    </UnitTest>
    <UnitTest name="Test_AddNewBudgieUser_CallsAddABudgieUserToDatabase_AndSavesChangesOnContext" storage="budgieusersrepositorytests\bin\debug\budgieusersrepositorytests.dll" id="efecfd89-047a-cbbd-93f8-827ae39399c6">
      <Execution id="cc2cbf25-6e89-4c66-b388-10899ce0c2db" />
      <TestMethod codeBase="C:/Users/benjamin.bowes/Desktop/SoloProject/Budgie/BudgieUsersRepositoryTests/bin/debug/BudgieUsersRepositoryTests.DLL" adapterTypeName="Microsoft.VisualStudio.TestTools.TestTypes.Unit.UnitTestAdapter, Microsoft.VisualStudio.QualityTools.Tips.UnitTest.Adapter, Version=12.0.0.0, Culture=neutral, PublicKeyToken=b03f5f7f11d50a3a" className="BudgieEntityFramework.Tests.BURTests, BudgieUsersRepositoryTests, Version=1.0.0.0, Culture=neutral, PublicKeyToken=null" name="Test_AddNewBudgieUser_CallsAddABudgieUserToDatabase_AndSavesChangesOnContext" />
    </UnitTest>
  </TestDefinitions>
  <TestLists>
    <TestList name="Results Not in a List" id="8c84fa94-04c1-424b-9868-57a2d4851a1d" />
    <TestList name="All Loaded Results" id="19431567-8539-422a-85d7-44ee4e166bda" />
  </TestLists>
  <TestEntries>
    <TestEntry testId="efecfd89-047a-cbbd-93f8-827ae39399c6" executionId="cc2cbf25-6e89-4c66-b388-10899ce0c2db" testListId="8c84fa94-04c1-424b-9868-57a2d4851a1d" />
    <TestEntry testId="00fae202-86bd-486f-cb8e-e1f325a24795" executionId="54fce53d-158f-4296-a077-6acf39bc803d" testListId="8c84fa94-04c1-424b-9868-57a2d4851a1d" />
    <TestEntry testId="408da696-16df-076f-276d-f98589c90a07" executionId="100149d8-e406-4984-a416-c0052f286b7a" testListId="8c84fa94-04c1-424b-9868-57a2d4851a1d" />
    <TestEntry testId="20476bf6-db95-395d-bf04-475563baa4d3" executionId="a1b5d941-c8c6-4849-8dab-32847508f66a" testListId="8c84fa94-04c1-424b-9868-57a2d4851a1d" />
    <TestEntry testId="d07b7bc2-c7b8-3ea0-1754-4d7d8b87e6a7" executionId="81913571-e4c0-48d1-a398-b95948785716" testListId="8c84fa94-04c1-424b-9868-57a2d4851a1d" />
    <TestEntry testId="c513a0fe-a3b6-fb40-0bf6-41209f4bba4e" executionId="0e935fbb-819e-4ec9-b603-ed44265e5179" testListId="8c84fa94-04c1-424b-9868-57a2d4851a1d" />
    <TestEntry testId="33b959be-b635-974d-2284-c967c5873bb0" executionId="304f53e0-198d-4ccf-8ff3-b4e185604b42" testListId="8c84fa94-04c1-424b-9868-57a2d4851a1d" />
    <TestEntry testId="5889c23d-a4e0-7429-e9b4-1e35547e98fb" executionId="d39a0ea9-41f2-43d3-b440-373f18886650" testListId="8c84fa94-04c1-424b-9868-57a2d4851a1d" />
    <TestEntry testId="e11abd51-aabd-3c07-dcff-b99402dcce0a" executionId="64fea726-6073-42d6-b3d3-f76845466a50" testListId="8c84fa94-04c1-424b-9868-57a2d4851a1d" />
    <TestEntry testId="3a94d78e-3a85-164c-0c08-8408058c6694" executionId="7c3ca84c-1287-4609-b28a-090670f17957" testListId="8c84fa94-04c1-424b-9868-57a2d4851a1d" />
    <TestEntry testId="da490406-4fa7-b2ab-fc03-5dd0c4bb02cd" executionId="ab2cd27d-448c-4992-aae7-1ca6090a0b0e" testListId="8c84fa94-04c1-424b-9868-57a2d4851a1d" />
    <TestEntry testId="cc351246-a2fa-24d4-d3ab-3db9f2cbe801" executionId="730fd73d-632f-4acc-ad60-9164307b507c" testListId="8c84fa94-04c1-424b-9868-57a2d4851a1d" />
    <TestEntry testId="269634e3-88ca-8b34-2b48-7e16bb9156af" executionId="bd8a7320-7ee6-4736-8c02-ec6285acc548" testListId="8c84fa94-04c1-424b-9868-57a2d4851a1d" />
    <TestEntry testId="b0181d74-d937-b6ed-0b07-bcf58575bfb0" executionId="5f985857-f032-48e7-8d5d-d4492d09cd80" testListId="8c84fa94-04c1-424b-9868-57a2d4851a1d" />
    <TestEntry testId="3f03bcd5-797b-3adb-a0dc-3b58b3e253ba" executionId="b74c52f4-640f-4ae9-be4e-a12b722f321e" testListId="8c84fa94-04c1-424b-9868-57a2d4851a1d" />
    <TestEntry testId="80ac7f26-8eeb-ec19-7ddc-15f4e9475140" executionId="d989e244-fc38-44c7-9bd1-ba16b2bef369" testListId="8c84fa94-04c1-424b-9868-57a2d4851a1d" />
  </TestEntries>
  <Results>
    <UnitTestResult executionId="cc2cbf25-6e89-4c66-b388-10899ce0c2db" testId="efecfd89-047a-cbbd-93f8-827ae39399c6" testName="Test_AddNewBudgieUser_CallsAddABudgieUserToDatabase_AndSavesChangesOnContext" computerName="TRNLON11661" duration="00:00:00.8536792" startTime="2017-01-16T14:58:56.5874074+00:00" endTime="2017-01-16T14:58:57.9478074+00:00" testType="13cdc9d9-ddb5-4fa4-a97d-d965ccfc6d4b" outcome="Passed" testListId="8c84fa94-04c1-424b-9868-57a2d4851a1d" relativeResultsDirectory="cc2cbf25-6e89-4c66-b388-10899ce0c2db">
    </UnitTestResult>
    <UnitTestResult executionId="54fce53d-158f-4296-a077-6acf39bc803d" testId="00fae202-86bd-486f-cb8e-e1f325a24795" testName="Test_GetAllBrokers_ReturnsAllBrokers" computerName="TRNLON11661" duration="00:00:00.0100698" startTime="2017-01-16T14:58:57.9488074+00:00" endTime="2017-01-16T14:58:57.9800074+00:00" testType="13cdc9d9-ddb5-4fa4-a97d-d965ccfc6d4b" outcome="Passed" testListId="8c84fa94-04c1-424b-9868-57a2d4851a1d" relativeResultsDirectory="54fce53d-158f-4296-a077-6acf39bc803d">
    </UnitTestResult>
    <UnitTestResult executionId="100149d8-e406-4984-a416-c0052f286b7a" testId="408da696-16df-076f-276d-f98589c90a07" testName="Test_RemoveBudgieUser_CallsRemoveABudgieUserToDatabase_AndSaveChangesOnContext" computerName="TRNLON11661" duration="00:00:00.0284024" startTime="2017-01-16T14:58:57.9800074+00:00" endTime="2017-01-16T14:58:58.0268074+00:00" testType="13cdc9d9-ddb5-4fa4-a97d-d965ccfc6d4b" outcome="Passed" testListId="8c84fa94-04c1-424b-9868-57a2d4851a1d" relativeResultsDirectory="100149d8-e406-4984-a416-c0052f286b7a">
    </UnitTestResult>
    <UnitTestResult executionId="a1b5d941-c8c6-4849-8dab-32847508f66a" testId="20476bf6-db95-395d-bf04-475563baa4d3" testName="Test_UpdateBudgieUser_RunsUpdateBudgieUserToDatabase_AndSaveChangesOnContext" computerName="TRNLON11661" duration="00:00:00.0202430" startTime="2017-01-16T14:58:58.0268074+00:00" endTime="2017-01-16T14:58:58.0424074+00:00" testType="13cdc9d9-ddb5-4fa4-a97d-d965ccfc6d4b" outcome="Passed" testListId="8c84fa94-04c1-424b-9868-57a2d4851a1d" relativeResultsDirectory="a1b5d941-c8c6-4849-8dab-32847508f66a">
    </UnitTestResult>
    <UnitTestResult executionId="81913571-e4c0-48d1-a398-b95948785716" testId="d07b7bc2-c7b8-3ea0-1754-4d7d8b87e6a7" testName="Test_AddNewAccount_RunsAddAnAccountToDatabase_WhenCalledWithAnAccount" computerName="TRNLON11661" duration="00:00:00.0572057" startTime="2017-01-16T14:58:58.0424074+00:00" endTime="2017-01-16T14:58:58.1048074+00:00" testType="13cdc9d9-ddb5-4fa4-a97d-d965ccfc6d4b" outcome="Passed" testListId="8c84fa94-04c1-424b-9868-57a2d4851a1d" relativeResultsDirectory="81913571-e4c0-48d1-a398-b95948785716">
    </UnitTestResult>
    <UnitTestResult executionId="0e935fbb-819e-4ec9-b603-ed44265e5179" testId="c513a0fe-a3b6-fb40-0bf6-41209f4bba4e" testName="Test_DepositMoney_CallsDepositMoneyToDatabase_AndSaveChangesOnContext" computerName="TRNLON11661" duration="00:00:00.0177519" startTime="2017-01-16T14:58:58.1048074+00:00" endTime="2017-01-16T14:58:58.1360074+00:00" testType="13cdc9d9-ddb5-4fa4-a97d-d965ccfc6d4b" outcome="Passed" testListId="8c84fa94-04c1-424b-9868-57a2d4851a1d" relativeResultsDirectory="0e935fbb-819e-4ec9-b603-ed44265e5179">
    </UnitTestResult>
    <UnitTestResult executionId="304f53e0-198d-4ccf-8ff3-b4e185604b42" testId="33b959be-b635-974d-2284-c967c5873bb0" testName="Test_GetAllAccounts_ReturnsAllAccounts" computerName="TRNLON11661" duration="00:00:00.0035855" startTime="2017-01-16T14:58:58.1360074+00:00" endTime="2017-01-16T14:58:58.1360074+00:00" testType="13cdc9d9-ddb5-4fa4-a97d-d965ccfc6d4b" outcome="Passed" testListId="8c84fa94-04c1-424b-9868-57a2d4851a1d" relativeResultsDirectory="304f53e0-198d-4ccf-8ff3-b4e185604b42">
    </UnitTestResult>
    <UnitTestResult executionId="d39a0ea9-41f2-43d3-b440-373f18886650" testId="5889c23d-a4e0-7429-e9b4-1e35547e98fb" testName="Test_PrintBalance_CallsDatabaseToPrintBalance_AndDisplaysCurrentBalance" computerName="TRNLON11661" duration="00:00:00.0071673" startTime="2017-01-16T14:58:58.1360074+00:00" endTime="2017-01-16T14:58:58.1516074+00:00" testType="13cdc9d9-ddb5-4fa4-a97d-d965ccfc6d4b" outcome="Passed" testListId="8c84fa94-04c1-424b-9868-57a2d4851a1d" relativeResultsDirectory="d39a0ea9-41f2-43d3-b440-373f18886650">
    </UnitTestResult>
    <UnitTestResult executionId="64fea726-6073-42d6-b3d3-f76845466a50" testId="e11abd51-aabd-3c07-dcff-b99402dcce0a" testName="Test_PrintBudget_CallsDatabaseToPrintBudget_AndDisplaysCurrentBudget" computerName="TRNLON11661" duration="00:00:00.0079342" startTime="2017-01-16T14:58:58.1516074+00:00" endTime="2017-01-16T14:58:58.1672074+00:00" testType="13cdc9d9-ddb5-4fa4-a97d-d965ccfc6d4b" outcome="Passed" testListId="8c84fa94-04c1-424b-9868-57a2d4851a1d" relativeResultsDirectory="64fea726-6073-42d6-b3d3-f76845466a50">
    </UnitTestResult>
    <UnitTestResult executionId="7c3ca84c-1287-4609-b28a-090670f17957" testId="3a94d78e-3a85-164c-0c08-8408058c6694" testName="Test_RemoveAccount_CallsRemoveAnAccountToDatabase_AndSaveChangesOnContext" computerName="TRNLON11661" duration="00:00:00.0099834" startTime="2017-01-16T14:58:58.1672074+00:00" endTime="2017-01-16T14:58:58.1828074+00:00" testType="13cdc9d9-ddb5-4fa4-a97d-d965ccfc6d4b" outcome="Passed" testListId="8c84fa94-04c1-424b-9868-57a2d4851a1d" relativeResultsDirectory="7c3ca84c-1287-4609-b28a-090670f17957">
    </UnitTestResult>
    <UnitTestResult executionId="ab2cd27d-448c-4992-aae7-1ca6090a0b0e" testId="da490406-4fa7-b2ab-fc03-5dd0c4bb02cd" testName="Test_SetBudget_CallsDatabaseToSetBudget_AndDIsplaysNewBudget" computerName="TRNLON11661" duration="00:00:00.0100303" startTime="2017-01-16T14:58:58.1828074+00:00" endTime="2017-01-16T14:58:58.1984074+00:00" testType="13cdc9d9-ddb5-4fa4-a97d-d965ccfc6d4b" outcome="Passed" testListId="8c84fa94-04c1-424b-9868-57a2d4851a1d" relativeResultsDirectory="ab2cd27d-448c-4992-aae7-1ca6090a0b0e">
    </UnitTestResult>
    <UnitTestResult executionId="730fd73d-632f-4acc-ad60-9164307b507c" testId="cc351246-a2fa-24d4-d3ab-3db9f2cbe801" testName="Test_TransferMoney_CallsTransferMoneyToDatabase_ReturnsFalseIfAccountHasInsufficentFunds" computerName="TRNLON11661" duration="00:00:00.0102651" startTime="2017-01-16T14:58:58.1984074+00:00" endTime="2017-01-16T14:58:58.2140074+00:00" testType="13cdc9d9-ddb5-4fa4-a97d-d965ccfc6d4b" outcome="Passed" testListId="8c84fa94-04c1-424b-9868-57a2d4851a1d" relativeResultsDirectory="730fd73d-632f-4acc-ad60-9164307b507c">
    </UnitTestResult>
    <UnitTestResult executionId="bd8a7320-7ee6-4736-8c02-ec6285acc548" testId="269634e3-88ca-8b34-2b48-7e16bb9156af" testName="Test_TransferMoney_CallsTransferMoneyToDatabase_ReturnsTrueIfHasEnoughFundsToTransfer_AndSaveChangesOnContext" computerName="TRNLON11661" duration="00:00:00.0128987" startTime="2017-01-16T14:58:58.2140074+00:00" endTime="2017-01-16T14:58:58.2296074+00:00" testType="13cdc9d9-ddb5-4fa4-a97d-d965ccfc6d4b" outcome="Passed" testListId="8c84fa94-04c1-424b-9868-57a2d4851a1d" relativeResultsDirectory="bd8a7320-7ee6-4736-8c02-ec6285acc548">
    </UnitTestResult>
    <UnitTestResult executionId="5f985857-f032-48e7-8d5d-d4492d09cd80" testId="b0181d74-d937-b6ed-0b07-bcf58575bfb0" testName="Test_UpdateAccount_RunsUpdateAccountToDatabase_AndSaveChangesOnContext" computerName="TRNLON11661" duration="00:00:00.0119246" startTime="2017-01-16T14:58:58.2296074+00:00" endTime="2017-01-16T14:58:58.2452074+00:00" testType="13cdc9d9-ddb5-4fa4-a97d-d965ccfc6d4b" outcome="Passed" testListId="8c84fa94-04c1-424b-9868-57a2d4851a1d" relativeResultsDirectory="5f985857-f032-48e7-8d5d-d4492d09cd80">
    </UnitTestResult>
    <UnitTestResult executionId="b74c52f4-640f-4ae9-be4e-a12b722f321e" testId="3f03bcd5-797b-3adb-a0dc-3b58b3e253ba" testName="Test_WithdrawMoney_CallsWithdrawMoneyToDatabase_ReturnsFalseIfCannotWithdraw" computerName="TRNLON11661" duration="00:00:00.0085117" startTime="2017-01-16T14:58:58.2608074+00:00" endTime="2017-01-16T14:58:58.2608074+00:00" testType="13cdc9d9-ddb5-4fa4-a97d-d965ccfc6d4b" outcome="Passed" testListId="8c84fa94-04c1-424b-9868-57a2d4851a1d" relativeResultsDirectory="b74c52f4-640f-4ae9-be4e-a12b722f321e">
    </UnitTestResult>
    <UnitTestResult executionId="d989e244-fc38-44c7-9bd1-ba16b2bef369" testId="80ac7f26-8eeb-ec19-7ddc-15f4e9475140" testName="Test_WithdrawMoney_CallsWithdrawMoneyToDatabase_ReturnsTrueIfCanWithdraw_AndSaveChangesOnContext" computerName="TRNLON11661" duration="00:00:00.0066662" startTime="2017-01-16T14:58:58.2764074+00:00" endTime="2017-01-16T14:58:58.2764074+00:00" testType="13cdc9d9-ddb5-4fa4-a97d-d965ccfc6d4b" outcome="Passed" testListId="8c84fa94-04c1-424b-9868-57a2d4851a1d" relativeResultsDirectory="d989e244-fc38-44c7-9bd1-ba16b2bef369">
    </UnitTestResult>
  </Results>
</TestRun>