<?xml version="1.0" encoding="UTF-8"?>
<TestRun id="927c7a2e-b96b-4ac0-bab0-45740e7e8b6f" name="benjamin.bowes@TRNLON11661 2017-01-16 15:00:08" runUser="FDMGROUP\benjamin.bowes" xmlns="http://microsoft.com/schemas/VisualStudio/TeamTest/2010">
  <TestSettings name="Default Test Settings" id="aba4739b-09d3-40b1-bf87-73d7bc694c82">
    <Execution>
      <TestTypeSpecific />
      <AgentRule name="Execution Agents">
      </AgentRule>
    </Execution>
    <Deployment runDeploymentRoot="benjamin.bowes_TRNLON11661 2017-01-16 15_00_08" />
    <Properties />
  </TestSettings>
  <Times creation="2017-01-16T15:00:08.1574074+00:00" queuing="2017-01-16T15:00:10.1698074+00:00" start="2017-01-16T15:00:10.4194074+00:00" finish="2017-01-16T15:00:12.3704074+00:00" />
  <ResultSummary outcome="Completed">
    <Counters total="16" executed="16" passed="16" error="0" failed="0" timeout="0" aborted="0" inconclusive="0" passedButRunAborted="0" notRunnable="0" notExecuted="0" disconnected="0" warning="0" completed="0" inProgress="0" pending="0" />
  </ResultSummary>
  <TestDefinitions>
    <UnitTest name="Test_WithdrawMoney_CallsWithdrawMoneyToDatabase_ReturnsFalseIfCannotWithdraw" storage="budgieusersrepositorytests\bin\debug\budgieusersrepositorytests.dll" id="3f03bcd5-797b-3adb-a0dc-3b58b3e253ba">
      <Execution id="7fc98c9e-acf3-4982-877d-17f85932d06e" />
      <TestMethod codeBase="C:/Users/benjamin.bowes/Desktop/SoloProject/Budgie/BudgieUsersRepositoryTests/bin/debug/BudgieUsersRepositoryTests.DLL" adapterTypeName="Microsoft.VisualStudio.TestTools.TestTypes.Unit.UnitTestAdapter, Microsoft.VisualStudio.QualityTools.Tips.UnitTest.Adapter, Version=12.0.0.0, Culture=neutral, PublicKeyToken=b03f5f7f11d50a3a" className="BudgieUsersRepositoryTests.ARTests, BudgieUsersRepositoryTests, Version=1.0.0.0, Culture=neutral, PublicKeyToken=null" name="Test_WithdrawMoney_CallsWithdrawMoneyToDatabase_ReturnsFalseIfCannotWithdraw" />
    </UnitTest>
    <UnitTest name="Test_GetAllBrokers_ReturnsAllBrokers" storage="budgieusersrepositorytests\bin\debug\budgieusersrepositorytests.dll" id="00fae202-86bd-486f-cb8e-e1f325a24795">
      <Execution id="9d96f238-a2cf-40c7-8988-d395b7221afa" />
      <TestMethod codeBase="C:/Users/benjamin.bowes/Desktop/SoloProject/Budgie/BudgieUsersRepositoryTests/bin/debug/BudgieUsersRepositoryTests.DLL" adapterTypeName="Microsoft.VisualStudio.TestTools.TestTypes.Unit.UnitTestAdapter, Microsoft.VisualStudio.QualityTools.Tips.UnitTest.Adapter, Version=12.0.0.0, Culture=neutral, PublicKeyToken=b03f5f7f11d50a3a" className="BudgieEntityFramework.Tests.BURTests, BudgieUsersRepositoryTests, Version=1.0.0.0, Culture=neutral, PublicKeyToken=null" name="Test_GetAllBrokers_ReturnsAllBrokers" />
    </UnitTest>
    <UnitTest name="Test_RemoveAccount_CallsRemoveAnAccountToDatabase_AndSaveChangesOnContext" storage="budgieusersrepositorytests\bin\debug\budgieusersrepositorytests.dll" id="3a94d78e-3a85-164c-0c08-8408058c6694">
      <Execution id="5bfd6f05-b89d-4d09-bea2-3c580eaf84a7" />
      <TestMethod codeBase="C:/Users/benjamin.bowes/Desktop/SoloProject/Budgie/BudgieUsersRepositoryTests/bin/debug/BudgieUsersRepositoryTests.DLL" adapterTypeName="Microsoft.VisualStudio.TestTools.TestTypes.Unit.UnitTestAdapter, Microsoft.VisualStudio.QualityTools.Tips.UnitTest.Adapter, Version=12.0.0.0, Culture=neutral, PublicKeyToken=b03f5f7f11d50a3a" className="BudgieUsersRepositoryTests.ARTests, BudgieUsersRepositoryTests, Version=1.0.0.0, Culture=neutral, PublicKeyToken=null" name="Test_RemoveAccount_CallsRemoveAnAccountToDatabase_AndSaveChangesOnContext" />
    </UnitTest>
    <UnitTest name="Test_DepositMoney_CallsDepositMoneyToDatabase_AndSaveChangesOnContext" storage="budgieusersrepositorytests\bin\debug\budgieusersrepositorytests.dll" id="c513a0fe-a3b6-fb40-0bf6-41209f4bba4e">
      <Execution id="3d3975f0-157e-4824-8ba8-c41cfc1004f3" />
      <TestMethod codeBase="C:/Users/benjamin.bowes/Desktop/SoloProject/Budgie/BudgieUsersRepositoryTests/bin/debug/BudgieUsersRepositoryTests.DLL" adapterTypeName="Microsoft.VisualStudio.TestTools.TestTypes.Unit.UnitTestAdapter, Microsoft.VisualStudio.QualityTools.Tips.UnitTest.Adapter, Version=12.0.0.0, Culture=neutral, PublicKeyToken=b03f5f7f11d50a3a" className="BudgieUsersRepositoryTests.ARTests, BudgieUsersRepositoryTests, Version=1.0.0.0, Culture=neutral, PublicKeyToken=null" name="Test_DepositMoney_CallsDepositMoneyToDatabase_AndSaveChangesOnContext" />
    </UnitTest>
    <UnitTest name="Test_TransferMoney_CallsTransferMoneyToDatabase_ReturnsTrueIfHasEnoughFundsToTransfer_AndSaveChangesOnContext" storage="budgieusersrepositorytests\bin\debug\budgieusersrepositorytests.dll" id="269634e3-88ca-8b34-2b48-7e16bb9156af">
      <Execution id="ff9c2edb-9135-4979-8f1b-676eb6ae5a06" />
      <TestMethod codeBase="C:/Users/benjamin.bowes/Desktop/SoloProject/Budgie/BudgieUsersRepositoryTests/bin/debug/BudgieUsersRepositoryTests.DLL" adapterTypeName="Microsoft.VisualStudio.TestTools.TestTypes.Unit.UnitTestAdapter, Microsoft.VisualStudio.QualityTools.Tips.UnitTest.Adapter, Version=12.0.0.0, Culture=neutral, PublicKeyToken=b03f5f7f11d50a3a" className="BudgieUsersRepositoryTests.ARTests, BudgieUsersRepositoryTests, Version=1.0.0.0, Culture=neutral, PublicKeyToken=null" name="Test_TransferMoney_CallsTransferMoneyToDatabase_ReturnsTrueIfHasEnoughFundsToTransfer_AndSaveChangesOnContext" />
    </UnitTest>
    <UnitTest name="Test_PrintBalance_CallsDatabaseToPrintBalance_AndDisplaysCurrentBalance" storage="budgieusersrepositorytests\bin\debug\budgieusersrepositorytests.dll" id="5889c23d-a4e0-7429-e9b4-1e35547e98fb">
      <Execution id="109b138e-5d7e-4691-90dc-a878ac1a0a39" />
      <TestMethod codeBase="C:/Users/benjamin.bowes/Desktop/SoloProject/Budgie/BudgieUsersRepositoryTests/bin/debug/BudgieUsersRepositoryTests.DLL" adapterTypeName="Microsoft.VisualStudio.TestTools.TestTypes.Unit.UnitTestAdapter, Microsoft.VisualStudio.QualityTools.Tips.UnitTest.Adapter, Version=12.0.0.0, Culture=neutral, PublicKeyToken=b03f5f7f11d50a3a" className="BudgieUsersRepositoryTests.ARTests, BudgieUsersRepositoryTests, Version=1.0.0.0, Culture=neutral, PublicKeyToken=null" name="Test_PrintBalance_CallsDatabaseToPrintBalance_AndDisplaysCurrentBalance" />
    </UnitTest>
    <UnitTest name="Test_GetAllAccounts_ReturnsAllAccounts" storage="budgieusersrepositorytests\bin\debug\budgieusersrepositorytests.dll" id="33b959be-b635-974d-2284-c967c5873bb0">
      <Execution id="5ea2cb5f-3f9e-4a25-8994-496bf6876c61" />
      <TestMethod codeBase="C:/Users/benjamin.bowes/Desktop/SoloProject/Budgie/BudgieUsersRepositoryTests/bin/debug/BudgieUsersRepositoryTests.DLL" adapterTypeName="Microsoft.VisualStudio.TestTools.TestTypes.Unit.UnitTestAdapter, Microsoft.VisualStudio.QualityTools.Tips.UnitTest.Adapter, Version=12.0.0.0, Culture=neutral, PublicKeyToken=b03f5f7f11d50a3a" className="BudgieUsersRepositoryTests.ARTests, BudgieUsersRepositoryTests, Version=1.0.0.0, Culture=neutral, PublicKeyToken=null" name="Test_GetAllAccounts_ReturnsAllAccounts" />
    </UnitTest>
    <UnitTest name="Test_UpdateAccount_RunsUpdateAccountToDatabase_AndSaveChangesOnContext" storage="budgieusersrepositorytests\bin\debug\budgieusersrepositorytests.dll" id="b0181d74-d937-b6ed-0b07-bcf58575bfb0">
      <Execution id="711632d3-5691-47cb-ac6c-ce5de1def605" />
      <TestMethod codeBase="C:/Users/benjamin.bowes/Desktop/SoloProject/Budgie/BudgieUsersRepositoryTests/bin/debug/BudgieUsersRepositoryTests.DLL" adapterTypeName="Microsoft.VisualStudio.TestTools.TestTypes.Unit.UnitTestAdapter, Microsoft.VisualStudio.QualityTools.Tips.UnitTest.Adapter, Version=12.0.0.0, Culture=neutral, PublicKeyToken=b03f5f7f11d50a3a" className="BudgieUsersRepositoryTests.ARTests, BudgieUsersRepositoryTests, Version=1.0.0.0, Culture=neutral, PublicKeyToken=null" name="Test_UpdateAccount_RunsUpdateAccountToDatabase_AndSaveChangesOnContext" />
    </UnitTest>
    <UnitTest name="Test_PrintBudget_CallsDatabaseToPrintBudget_AndDisplaysCurrentBudget" storage="budgieusersrepositorytests\bin\debug\budgieusersrepositorytests.dll" id="e11abd51-aabd-3c07-dcff-b99402dcce0a">
      <Execution id="bde2027e-b2fc-4c07-a259-0a3df910819b" />
      <TestMethod codeBase="C:/Users/benjamin.bowes/Desktop/SoloProject/Budgie/BudgieUsersRepositoryTests/bin/debug/BudgieUsersRepositoryTests.DLL" adapterTypeName="Microsoft.VisualStudio.TestTools.TestTypes.Unit.UnitTestAdapter, Microsoft.VisualStudio.QualityTools.Tips.UnitTest.Adapter, Version=12.0.0.0, Culture=neutral, PublicKeyToken=b03f5f7f11d50a3a" className="BudgieUsersRepositoryTests.ARTests, BudgieUsersRepositoryTests, Version=1.0.0.0, Culture=neutral, PublicKeyToken=null" name="Test_PrintBudget_CallsDatabaseToPrintBudget_AndDisplaysCurrentBudget" />
    </UnitTest>
    <UnitTest name="Test_AddNewAccount_RunsAddAnAccountToDatabase_WhenCalledWithAnAccount" storage="budgieusersrepositorytests\bin\debug\budgieusersrepositorytests.dll" id="d07b7bc2-c7b8-3ea0-1754-4d7d8b87e6a7">
      <Execution id="4521a72c-2d35-422d-a1b0-2b81bf4babda" />
      <TestMethod codeBase="C:/Users/benjamin.bowes/Desktop/SoloProject/Budgie/BudgieUsersRepositoryTests/bin/debug/BudgieUsersRepositoryTests.DLL" adapterTypeName="Microsoft.VisualStudio.TestTools.TestTypes.Unit.UnitTestAdapter, Microsoft.VisualStudio.QualityTools.Tips.UnitTest.Adapter, Version=12.0.0.0, Culture=neutral, PublicKeyToken=b03f5f7f11d50a3a" className="BudgieUsersRepositoryTests.ARTests, BudgieUsersRepositoryTests, Version=1.0.0.0, Culture=neutral, PublicKeyToken=null" name="Test_AddNewAccount_RunsAddAnAccountToDatabase_WhenCalledWithAnAccount" />
    </UnitTest>
    <UnitTest name="Test_RemoveBudgieUser_CallsRemoveABudgieUserToDatabase_AndSaveChangesOnContext" storage="budgieusersrepositorytests\bin\debug\budgieusersrepositorytests.dll" id="408da696-16df-076f-276d-f98589c90a07">
      <Execution id="308108dc-dcb5-49bd-80d6-dce6362c8924" />
      <TestMethod codeBase="C:/Users/benjamin.bowes/Desktop/SoloProject/Budgie/BudgieUsersRepositoryTests/bin/debug/BudgieUsersRepositoryTests.DLL" adapterTypeName="Microsoft.VisualStudio.TestTools.TestTypes.Unit.UnitTestAdapter, Microsoft.VisualStudio.QualityTools.Tips.UnitTest.Adapter, Version=12.0.0.0, Culture=neutral, PublicKeyToken=b03f5f7f11d50a3a" className="BudgieEntityFramework.Tests.BURTests, BudgieUsersRepositoryTests, Version=1.0.0.0, Culture=neutral, PublicKeyToken=null" name="Test_RemoveBudgieUser_CallsRemoveABudgieUserToDatabase_AndSaveChangesOnContext" />
    </UnitTest>
    <UnitTest name="Test_TransferMoney_CallsTransferMoneyToDatabase_ReturnsFalseIfAccountHasInsufficentFunds" storage="budgieusersrepositorytests\bin\debug\budgieusersrepositorytests.dll" id="cc351246-a2fa-24d4-d3ab-3db9f2cbe801">
      <Execution id="cdbe9296-b8bb-45e0-b906-8b48b4c5d5e1" />
      <TestMethod codeBase="C:/Users/benjamin.bowes/Desktop/SoloProject/Budgie/BudgieUsersRepositoryTests/bin/debug/BudgieUsersRepositoryTests.DLL" adapterTypeName="Microsoft.VisualStudio.TestTools.TestTypes.Unit.UnitTestAdapter, Microsoft.VisualStudio.QualityTools.Tips.UnitTest.Adapter, Version=12.0.0.0, Culture=neutral, PublicKeyToken=b03f5f7f11d50a3a" className="BudgieUsersRepositoryTests.ARTests, BudgieUsersRepositoryTests, Version=1.0.0.0, Culture=neutral, PublicKeyToken=null" name="Test_TransferMoney_CallsTransferMoneyToDatabase_ReturnsFalseIfAccountHasInsufficentFunds" />
    </UnitTest>
    <UnitTest name="Test_UpdateBudgieUser_RunsUpdateBudgieUserToDatabase_AndSaveChangesOnContext" storage="budgieusersrepositorytests\bin\debug\budgieusersrepositorytests.dll" id="20476bf6-db95-395d-bf04-475563baa4d3">
      <Execution id="eef017ca-e041-45db-ae79-bef99f146b98" />
      <TestMethod codeBase="C:/Users/benjamin.bowes/Desktop/SoloProject/Budgie/BudgieUsersRepositoryTests/bin/debug/BudgieUsersRepositoryTests.DLL" adapterTypeName="Microsoft.VisualStudio.TestTools.TestTypes.Unit.UnitTestAdapter, Microsoft.VisualStudio.QualityTools.Tips.UnitTest.Adapter, Version=12.0.0.0, Culture=neutral, PublicKeyToken=b03f5f7f11d50a3a" className="BudgieEntityFramework.Tests.BURTests, BudgieUsersRepositoryTests, Version=1.0.0.0, Culture=neutral, PublicKeyToken=null" name="Test_UpdateBudgieUser_RunsUpdateBudgieUserToDatabase_AndSaveChangesOnContext" />
    </UnitTest>
    <UnitTest name="Test_SetBudget_CallsDatabaseToSetBudget_AndDIsplaysNewBudget" storage="budgieusersrepositorytests\bin\debug\budgieusersrepositorytests.dll" id="da490406-4fa7-b2ab-fc03-5dd0c4bb02cd">
      <Execution id="472f6c87-2d1e-445d-bf46-8f776e0993fb" />
      <TestMethod codeBase="C:/Users/benjamin.bowes/Desktop/SoloProject/Budgie/BudgieUsersRepositoryTests/bin/debug/BudgieUsersRepositoryTests.DLL" adapterTypeName="Microsoft.VisualStudio.TestTools.TestTypes.Unit.UnitTestAdapter, Microsoft.VisualStudio.QualityTools.Tips.UnitTest.Adapter, Version=12.0.0.0, Culture=neutral, PublicKeyToken=b03f5f7f11d50a3a" className="BudgieUsersRepositoryTests.ARTests, BudgieUsersRepositoryTests, Version=1.0.0.0, Culture=neutral, PublicKeyToken=null" name="Test_SetBudget_CallsDatabaseToSetBudget_AndDIsplaysNewBudget" />
    </UnitTest>
    <UnitTest name="Test_WithdrawMoney_CallsWithdrawMoneyToDatabase_ReturnsTrueIfCanWithdraw_AndSaveChangesOnContext" storage="budgieusersrepositorytests\bin\debug\budgieusersrepositorytests.dll" id="80ac7f26-8eeb-ec19-7ddc-15f4e9475140">
      <Execution id="b953674a-774c-4a9c-9692-badf5f8879de" />
      <TestMethod codeBase="C:/Users/benjamin.bowes/Desktop/SoloProject/Budgie/BudgieUsersRepositoryTests/bin/debug/BudgieUsersRepositoryTests.DLL" adapterTypeName="Microsoft.VisualStudio.TestTools.TestTypes.Unit.UnitTestAdapter, Microsoft.VisualStudio.QualityTools.Tips.UnitTest.Adapter, Version=12.0.0.0, Culture=neutral, PublicKeyToken=b03f5f7f11d50a3a" className="BudgieUsersRepositoryTests.ARTests, BudgieUsersRepositoryTests, Version=1.0.0.0, Culture=neutral, PublicKeyToken=null" name="Test_WithdrawMoney_CallsWithdrawMoneyToDatabase_ReturnsTrueIfCanWithdraw_AndSaveChangesOnContext" />
    </UnitTest>
    <UnitTest name="Test_AddNewBudgieUser_CallsAddABudgieUserToDatabase_AndSavesChangesOnContext" storage="budgieusersrepositorytests\bin\debug\budgieusersrepositorytests.dll" id="efecfd89-047a-cbbd-93f8-827ae39399c6">
      <Execution id="4fb18b72-a222-4ce3-89fc-c2016e93a1f2" />
      <TestMethod codeBase="C:/Users/benjamin.bowes/Desktop/SoloProject/Budgie/BudgieUsersRepositoryTests/bin/debug/BudgieUsersRepositoryTests.DLL" adapterTypeName="Microsoft.VisualStudio.TestTools.TestTypes.Unit.UnitTestAdapter, Microsoft.VisualStudio.QualityTools.Tips.UnitTest.Adapter, Version=12.0.0.0, Culture=neutral, PublicKeyToken=b03f5f7f11d50a3a" className="BudgieEntityFramework.Tests.BURTests, BudgieUsersRepositoryTests, Version=1.0.0.0, Culture=neutral, PublicKeyToken=null" name="Test_AddNewBudgieUser_CallsAddABudgieUserToDatabase_AndSavesChangesOnContext" />
    </UnitTest>
  </TestDefinitions>
  <TestLists>
    <TestList name="Results Not in a List" id="8c84fa94-04c1-424b-9868-57a2d4851a1d" />
    <TestList name="All Loaded Results" id="19431567-8539-422a-85d7-44ee4e166bda" />
  </TestLists>
  <TestEntries>
    <TestEntry testId="efecfd89-047a-cbbd-93f8-827ae39399c6" executionId="4fb18b72-a222-4ce3-89fc-c2016e93a1f2" testListId="8c84fa94-04c1-424b-9868-57a2d4851a1d" />
    <TestEntry testId="00fae202-86bd-486f-cb8e-e1f325a24795" executionId="9d96f238-a2cf-40c7-8988-d395b7221afa" testListId="8c84fa94-04c1-424b-9868-57a2d4851a1d" />
    <TestEntry testId="408da696-16df-076f-276d-f98589c90a07" executionId="308108dc-dcb5-49bd-80d6-dce6362c8924" testListId="8c84fa94-04c1-424b-9868-57a2d4851a1d" />
    <TestEntry testId="20476bf6-db95-395d-bf04-475563baa4d3" executionId="eef017ca-e041-45db-ae79-bef99f146b98" testListId="8c84fa94-04c1-424b-9868-57a2d4851a1d" />
    <TestEntry testId="d07b7bc2-c7b8-3ea0-1754-4d7d8b87e6a7" executionId="4521a72c-2d35-422d-a1b0-2b81bf4babda" testListId="8c84fa94-04c1-424b-9868-57a2d4851a1d" />
    <TestEntry testId="c513a0fe-a3b6-fb40-0bf6-41209f4bba4e" executionId="3d3975f0-157e-4824-8ba8-c41cfc1004f3" testListId="8c84fa94-04c1-424b-9868-57a2d4851a1d" />
    <TestEntry testId="33b959be-b635-974d-2284-c967c5873bb0" executionId="5ea2cb5f-3f9e-4a25-8994-496bf6876c61" testListId="8c84fa94-04c1-424b-9868-57a2d4851a1d" />
    <TestEntry testId="5889c23d-a4e0-7429-e9b4-1e35547e98fb" executionId="109b138e-5d7e-4691-90dc-a878ac1a0a39" testListId="8c84fa94-04c1-424b-9868-57a2d4851a1d" />
    <TestEntry testId="e11abd51-aabd-3c07-dcff-b99402dcce0a" executionId="bde2027e-b2fc-4c07-a259-0a3df910819b" testListId="8c84fa94-04c1-424b-9868-57a2d4851a1d" />
    <TestEntry testId="3a94d78e-3a85-164c-0c08-8408058c6694" executionId="5bfd6f05-b89d-4d09-bea2-3c580eaf84a7" testListId="8c84fa94-04c1-424b-9868-57a2d4851a1d" />
    <TestEntry testId="da490406-4fa7-b2ab-fc03-5dd0c4bb02cd" executionId="472f6c87-2d1e-445d-bf46-8f776e0993fb" testListId="8c84fa94-04c1-424b-9868-57a2d4851a1d" />
    <TestEntry testId="cc351246-a2fa-24d4-d3ab-3db9f2cbe801" executionId="cdbe9296-b8bb-45e0-b906-8b48b4c5d5e1" testListId="8c84fa94-04c1-424b-9868-57a2d4851a1d" />
    <TestEntry testId="269634e3-88ca-8b34-2b48-7e16bb9156af" executionId="ff9c2edb-9135-4979-8f1b-676eb6ae5a06" testListId="8c84fa94-04c1-424b-9868-57a2d4851a1d" />
    <TestEntry testId="b0181d74-d937-b6ed-0b07-bcf58575bfb0" executionId="711632d3-5691-47cb-ac6c-ce5de1def605" testListId="8c84fa94-04c1-424b-9868-57a2d4851a1d" />
    <TestEntry testId="3f03bcd5-797b-3adb-a0dc-3b58b3e253ba" executionId="7fc98c9e-acf3-4982-877d-17f85932d06e" testListId="8c84fa94-04c1-424b-9868-57a2d4851a1d" />
    <TestEntry testId="80ac7f26-8eeb-ec19-7ddc-15f4e9475140" executionId="b953674a-774c-4a9c-9692-badf5f8879de" testListId="8c84fa94-04c1-424b-9868-57a2d4851a1d" />
  </TestEntries>
  <Results>
    <UnitTestResult executionId="4fb18b72-a222-4ce3-89fc-c2016e93a1f2" testId="efecfd89-047a-cbbd-93f8-827ae39399c6" testName="Test_AddNewBudgieUser_CallsAddABudgieUserToDatabase_AndSavesChangesOnContext" computerName="TRNLON11661" duration="00:00:00.9811325" startTime="2017-01-16T15:00:10.4974074+00:00" endTime="2017-01-16T15:00:11.9336074+00:00" testType="13cdc9d9-ddb5-4fa4-a97d-d965ccfc6d4b" outcome="Passed" testListId="8c84fa94-04c1-424b-9868-57a2d4851a1d" relativeResultsDirectory="4fb18b72-a222-4ce3-89fc-c2016e93a1f2">
    </UnitTestResult>
    <UnitTestResult executionId="9d96f238-a2cf-40c7-8988-d395b7221afa" testId="00fae202-86bd-486f-cb8e-e1f325a24795" testName="Test_GetAllBrokers_ReturnsAllBrokers" computerName="TRNLON11661" duration="00:00:00.0111801" startTime="2017-01-16T15:00:11.9492074+00:00" endTime="2017-01-16T15:00:11.9648074+00:00" testType="13cdc9d9-ddb5-4fa4-a97d-d965ccfc6d4b" outcome="Passed" testListId="8c84fa94-04c1-424b-9868-57a2d4851a1d" relativeResultsDirectory="9d96f238-a2cf-40c7-8988-d395b7221afa">
    </UnitTestResult>
    <UnitTestResult executionId="308108dc-dcb5-49bd-80d6-dce6362c8924" testId="408da696-16df-076f-276d-f98589c90a07" testName="Test_RemoveBudgieUser_CallsRemoveABudgieUserToDatabase_AndSaveChangesOnContext" computerName="TRNLON11661" duration="00:00:00.0274414" startTime="2017-01-16T15:00:11.9804074+00:00" endTime="2017-01-16T15:00:12.0116074+00:00" testType="13cdc9d9-ddb5-4fa4-a97d-d965ccfc6d4b" outcome="Passed" testListId="8c84fa94-04c1-424b-9868-57a2d4851a1d" relativeResultsDirectory="308108dc-dcb5-49bd-80d6-dce6362c8924">
    </UnitTestResult>
    <UnitTestResult executionId="eef017ca-e041-45db-ae79-bef99f146b98" testId="20476bf6-db95-395d-bf04-475563baa4d3" testName="Test_UpdateBudgieUser_RunsUpdateBudgieUserToDatabase_AndSaveChangesOnContext" computerName="TRNLON11661" duration="00:00:00.0271148" startTime="2017-01-16T15:00:12.0116074+00:00" endTime="2017-01-16T15:00:12.0428074+00:00" testType="13cdc9d9-ddb5-4fa4-a97d-d965ccfc6d4b" outcome="Passed" testListId="8c84fa94-04c1-424b-9868-57a2d4851a1d" relativeResultsDirectory="eef017ca-e041-45db-ae79-bef99f146b98">
    </UnitTestResult>
    <UnitTestResult executionId="4521a72c-2d35-422d-a1b0-2b81bf4babda" testId="d07b7bc2-c7b8-3ea0-1754-4d7d8b87e6a7" testName="Test_AddNewAccount_RunsAddAnAccountToDatabase_WhenCalledWithAnAccount" computerName="TRNLON11661" duration="00:00:00.0577960" startTime="2017-01-16T15:00:12.0428074+00:00" endTime="2017-01-16T15:00:12.1052074+00:00" testType="13cdc9d9-ddb5-4fa4-a97d-d965ccfc6d4b" outcome="Passed" testListId="8c84fa94-04c1-424b-9868-57a2d4851a1d" relativeResultsDirectory="4521a72c-2d35-422d-a1b0-2b81bf4babda">
    </UnitTestResult>
    <UnitTestResult executionId="3d3975f0-157e-4824-8ba8-c41cfc1004f3" testId="c513a0fe-a3b6-fb40-0bf6-41209f4bba4e" testName="Test_DepositMoney_CallsDepositMoneyToDatabase_AndSaveChangesOnContext" computerName="TRNLON11661" duration="00:00:00.0191044" startTime="2017-01-16T15:00:12.1052074+00:00" endTime="2017-01-16T15:00:12.1364074+00:00" testType="13cdc9d9-ddb5-4fa4-a97d-d965ccfc6d4b" outcome="Passed" testListId="8c84fa94-04c1-424b-9868-57a2d4851a1d" relativeResultsDirectory="3d3975f0-157e-4824-8ba8-c41cfc1004f3">
    </UnitTestResult>
    <UnitTestResult executionId="5ea2cb5f-3f9e-4a25-8994-496bf6876c61" testId="33b959be-b635-974d-2284-c967c5873bb0" testName="Test_GetAllAccounts_ReturnsAllAccounts" computerName="TRNLON11661" duration="00:00:00.0049377" startTime="2017-01-16T15:00:12.1364074+00:00" endTime="2017-01-16T15:00:12.1364074+00:00" testType="13cdc9d9-ddb5-4fa4-a97d-d965ccfc6d4b" outcome="Passed" testListId="8c84fa94-04c1-424b-9868-57a2d4851a1d" relativeResultsDirectory="5ea2cb5f-3f9e-4a25-8994-496bf6876c61">
    </UnitTestResult>
    <UnitTestResult executionId="109b138e-5d7e-4691-90dc-a878ac1a0a39" testId="5889c23d-a4e0-7429-e9b4-1e35547e98fb" testName="Test_PrintBalance_CallsDatabaseToPrintBalance_AndDisplaysCurrentBalance" computerName="TRNLON11661" duration="00:00:00.0096410" startTime="2017-01-16T15:00:12.1364074+00:00" endTime="2017-01-16T15:00:12.1520074+00:00" testType="13cdc9d9-ddb5-4fa4-a97d-d965ccfc6d4b" outcome="Passed" testListId="8c84fa94-04c1-424b-9868-57a2d4851a1d" relativeResultsDirectory="109b138e-5d7e-4691-90dc-a878ac1a0a39">
    </UnitTestResult>
    <UnitTestResult executionId="bde2027e-b2fc-4c07-a259-0a3df910819b" testId="e11abd51-aabd-3c07-dcff-b99402dcce0a" testName="Test_PrintBudget_CallsDatabaseToPrintBudget_AndDisplaysCurrentBudget" computerName="TRNLON11661" duration="00:00:00.0113235" startTime="2017-01-16T15:00:12.1676074+00:00" endTime="2017-01-16T15:00:12.1832074+00:00" testType="13cdc9d9-ddb5-4fa4-a97d-d965ccfc6d4b" outcome="Passed" testListId="8c84fa94-04c1-424b-9868-57a2d4851a1d" relativeResultsDirectory="bde2027e-b2fc-4c07-a259-0a3df910819b">
    </UnitTestResult>
    <UnitTestResult executionId="5bfd6f05-b89d-4d09-bea2-3c580eaf84a7" testId="3a94d78e-3a85-164c-0c08-8408058c6694" testName="Test_RemoveAccount_CallsRemoveAnAccountToDatabase_AndSaveChangesOnContext" computerName="TRNLON11661" duration="00:00:00.0081566" startTime="2017-01-16T15:00:12.1832074+00:00" endTime="2017-01-16T15:00:12.1832074+00:00" testType="13cdc9d9-ddb5-4fa4-a97d-d965ccfc6d4b" outcome="Passed" testListId="8c84fa94-04c1-424b-9868-57a2d4851a1d" relativeResultsDirectory="5bfd6f05-b89d-4d09-bea2-3c580eaf84a7">
    </UnitTestResult>
    <UnitTestResult executionId="472f6c87-2d1e-445d-bf46-8f776e0993fb" testId="da490406-4fa7-b2ab-fc03-5dd0c4bb02cd" testName="Test_SetBudget_CallsDatabaseToSetBudget_AndDIsplaysNewBudget" computerName="TRNLON11661" duration="00:00:00.0108669" startTime="2017-01-16T15:00:12.1988074+00:00" endTime="2017-01-16T15:00:12.2144074+00:00" testType="13cdc9d9-ddb5-4fa4-a97d-d965ccfc6d4b" outcome="Passed" testListId="8c84fa94-04c1-424b-9868-57a2d4851a1d" relativeResultsDirectory="472f6c87-2d1e-445d-bf46-8f776e0993fb">
    </UnitTestResult>
    <UnitTestResult executionId="cdbe9296-b8bb-45e0-b906-8b48b4c5d5e1" testId="cc351246-a2fa-24d4-d3ab-3db9f2cbe801" testName="Test_TransferMoney_CallsTransferMoneyToDatabase_ReturnsFalseIfAccountHasInsufficentFunds" computerName="TRNLON11661" duration="00:00:00.0111471" startTime="2017-01-16T15:00:12.2144074+00:00" endTime="2017-01-16T15:00:12.2300074+00:00" testType="13cdc9d9-ddb5-4fa4-a97d-d965ccfc6d4b" outcome="Passed" testListId="8c84fa94-04c1-424b-9868-57a2d4851a1d" relativeResultsDirectory="cdbe9296-b8bb-45e0-b906-8b48b4c5d5e1">
    </UnitTestResult>
    <UnitTestResult executionId="ff9c2edb-9135-4979-8f1b-676eb6ae5a06" testId="269634e3-88ca-8b34-2b48-7e16bb9156af" testName="Test_TransferMoney_CallsTransferMoneyToDatabase_ReturnsTrueIfHasEnoughFundsToTransfer_AndSaveChangesOnContext" computerName="TRNLON11661" duration="00:00:00.0125134" startTime="2017-01-16T15:00:12.2300074+00:00" endTime="2017-01-16T15:00:12.2456074+00:00" testType="13cdc9d9-ddb5-4fa4-a97d-d965ccfc6d4b" outcome="Passed" testListId="8c84fa94-04c1-424b-9868-57a2d4851a1d" relativeResultsDirectory="ff9c2edb-9135-4979-8f1b-676eb6ae5a06">
    </UnitTestResult>
    <UnitTestResult executionId="711632d3-5691-47cb-ac6c-ce5de1def605" testId="b0181d74-d937-b6ed-0b07-bcf58575bfb0" testName="Test_UpdateAccount_RunsUpdateAccountToDatabase_AndSaveChangesOnContext" computerName="TRNLON11661" duration="00:00:00.0116957" startTime="2017-01-16T15:00:12.2456074+00:00" endTime="2017-01-16T15:00:12.2612074+00:00" testType="13cdc9d9-ddb5-4fa4-a97d-d965ccfc6d4b" outcome="Passed" testListId="8c84fa94-04c1-424b-9868-57a2d4851a1d" relativeResultsDirectory="711632d3-5691-47cb-ac6c-ce5de1def605">
    </UnitTestResult>
    <UnitTestResult executionId="7fc98c9e-acf3-4982-877d-17f85932d06e" testId="3f03bcd5-797b-3adb-a0dc-3b58b3e253ba" testName="Test_WithdrawMoney_CallsWithdrawMoneyToDatabase_ReturnsFalseIfCannotWithdraw" computerName="TRNLON11661" duration="00:00:00.0076842" startTime="2017-01-16T15:00:12.2612074+00:00" endTime="2017-01-16T15:00:12.2768074+00:00" testType="13cdc9d9-ddb5-4fa4-a97d-d965ccfc6d4b" outcome="Passed" testListId="8c84fa94-04c1-424b-9868-57a2d4851a1d" relativeResultsDirectory="7fc98c9e-acf3-4982-877d-17f85932d06e">
    </UnitTestResult>
    <UnitTestResult executionId="b953674a-774c-4a9c-9692-badf5f8879de" testId="80ac7f26-8eeb-ec19-7ddc-15f4e9475140" testName="Test_WithdrawMoney_CallsWithdrawMoneyToDatabase_ReturnsTrueIfCanWithdraw_AndSaveChangesOnContext" computerName="TRNLON11661" duration="00:00:00.0074164" startTime="2017-01-16T15:00:12.2768074+00:00" endTime="2017-01-16T15:00:12.2924074+00:00" testType="13cdc9d9-ddb5-4fa4-a97d-d965ccfc6d4b" outcome="Passed" testListId="8c84fa94-04c1-424b-9868-57a2d4851a1d" relativeResultsDirectory="b953674a-774c-4a9c-9692-badf5f8879de">
    </UnitTestResult>
  </Results>
</TestRun>